Copyright 1986-2022 Xilinx, Inc. All Rights Reserved. Copyright 2022-2025 Advanced Micro Devices, Inc. All Rights Reserved.
--------------------------------------------------------------------------------------------------------------------------------------------------
| Tool Version : Vivado v.2025.2 (win64) Build 6299465 Fri Nov 14 19:35:11 GMT 2025
| Date         : Sat May 23 13:44:07 2026
| Host         : DESKTOP-BTE86QU running 64-bit major release  (build 9200)
| Command      : report_timing_summary -file report/aes128_gcm_full_pipeline_timing_summary.rpt
| Design       : aes128_gcm_packet_pipeline_top
| Device       : 7a35t-cpg236
| Speed File   : -1  PRODUCTION 1.23 2018-06-13
| Design State : Synthesized
--------------------------------------------------------------------------------------------------------------------------------------------------

Timing Summary Report

------------------------------------------------------------------------------------------------
| Timer Settings
| --------------
------------------------------------------------------------------------------------------------

  Enable Multi Corner Analysis               :  Yes
  Enable Pessimism Removal                   :  Yes
  Pessimism Removal Resolution               :  Nearest Common Node
  Enable Input Delay Default Clock           :  No
  Enable Preset / Clear Arcs                 :  No
  Disable Flight Delays                      :  No
  Ignore I/O Paths                           :  No
  Timing Early Launch at Borrowing Latches   :  No
  Borrow Time for Max Delay Exceptions       :  Yes
  Merge Timing Exceptions                    :  Yes
  Inter-SLR Compensation                     :  Conservative

  Corner  Analyze    Analyze    
  Name    Max Paths  Min Paths  
  ------  ---------  ---------  
  Slow    Yes        Yes        
  Fast    Yes        Yes        


------------------------------------------------------------------------------------------------
| Report Methodology
| ------------------
------------------------------------------------------------------------------------------------

No report available as report_methodology has not been run prior. Run report_methodology on the current design for the summary of methodology violations.



check_timing report

Table of Contents
-----------------
1. checking no_clock (0)
2. checking constant_clock (0)
3. checking pulse_width_clock (0)
4. checking unconstrained_internal_endpoints (0)
5. checking no_input_delay (37)
6. checking no_output_delay (46)
7. checking multiple_clock (0)
8. checking generated_clocks (0)
9. checking loops (0)
10. checking partial_input_delay (0)
11. checking partial_output_delay (0)
12. checking latch_loops (0)

1. checking no_clock (0)
------------------------
 There are 0 register/latch pins with no clock.


2. checking constant_clock (0)
------------------------------
 There are 0 register/latch pins with constant_clock.


3. checking pulse_width_clock (0)
---------------------------------
 There are 0 register/latch pins which need pulse_width check


4. checking unconstrained_internal_endpoints (0)
------------------------------------------------
 There are 0 pins that are not constrained for maximum delay.

 There are 0 pins that are not constrained for maximum delay due to constant clock.


5. checking no_input_delay (37)
-------------------------------
 There are 37 input ports with no input delay specified. (HIGH)

 There are 0 input ports with no input delay but user has a false path constraint.


6. checking no_output_delay (46)
--------------------------------
 There are 46 ports with no output delay specified. (HIGH)

 There are 0 ports with no output delay but user has a false path constraint

 There are 0 ports with no output delay but with a timing clock defined on it or propagating through it


7. checking multiple_clock (0)
------------------------------
 There are 0 register/latch pins with multiple clocks.


8. checking generated_clocks (0)
--------------------------------
 There are 0 generated clocks that are not connected to a clock source.


9. checking loops (0)
---------------------
 There are 0 combinational loops in the design.


10. checking partial_input_delay (0)
------------------------------------
 There are 0 input ports with partial input delay specified.


11. checking partial_output_delay (0)
-------------------------------------
 There are 0 ports with partial output delay specified.


12. checking latch_loops (0)
----------------------------
 There are 0 combinational latch loops in the design through latch input



------------------------------------------------------------------------------------------------
| Design Timing Summary
| ---------------------
------------------------------------------------------------------------------------------------

    WNS(ns)      TNS(ns)  TNS Failing Endpoints  TNS Total Endpoints      WHS(ns)      THS(ns)  THS Failing Endpoints  THS Total Endpoints     WPWS(ns)     TPWS(ns)  TPWS Failing Endpoints  TPWS Total Endpoints  
    -------      -------  ---------------------  -------------------      -------      -------  ---------------------  -------------------     --------     --------  ----------------------  --------------------  
      3.596        0.000                      0                 7086        0.259        0.000                      0                 7086        4.020        0.000                       0                  3790  


All user specified timing constraints are met.


------------------------------------------------------------------------------------------------
| Clock Summary
| -------------
------------------------------------------------------------------------------------------------

Clock  Waveform(ns)       Period(ns)      Frequency(MHz)
-----  ------------       ----------      --------------
clk    {0.000 5.000}      10.000          100.000         


------------------------------------------------------------------------------------------------
| Intra Clock Table
| -----------------
------------------------------------------------------------------------------------------------

Clock             WNS(ns)      TNS(ns)  TNS Failing Endpoints  TNS Total Endpoints      WHS(ns)      THS(ns)  THS Failing Endpoints  THS Total Endpoints     WPWS(ns)     TPWS(ns)  TPWS Failing Endpoints  TPWS Total Endpoints  
-----             -------      -------  ---------------------  -------------------      -------      -------  ---------------------  -------------------     --------     --------  ----------------------  --------------------  
clk                 3.596        0.000                      0                 7086        0.259        0.000                      0                 7086        4.020        0.000                       0                  3790  


------------------------------------------------------------------------------------------------
| Inter Clock Table
| -----------------
------------------------------------------------------------------------------------------------

From Clock    To Clock          WNS(ns)      TNS(ns)  TNS Failing Endpoints  TNS Total Endpoints      WHS(ns)      THS(ns)  THS Failing Endpoints  THS Total Endpoints  
----------    --------          -------      -------  ---------------------  -------------------      -------      -------  ---------------------  -------------------  


------------------------------------------------------------------------------------------------
| Other Path Groups Table
| -----------------------
------------------------------------------------------------------------------------------------

Path Group    From Clock    To Clock          WNS(ns)      TNS(ns)  TNS Failing Endpoints  TNS Total Endpoints      WHS(ns)      THS(ns)  THS Failing Endpoints  THS Total Endpoints  
----------    ----------    --------          -------      -------  ---------------------  -------------------      -------      -------  ---------------------  -------------------  


------------------------------------------------------------------------------------------------
| Timing Details
| --------------
------------------------------------------------------------------------------------------------


---------------------------------------------------------------------------------------------------
From Clock:  clk
  To Clock:  clk

Setup :            0  Failing Endpoints,  Worst Slack        3.596ns,  Total Violation        0.000ns
Hold  :            0  Failing Endpoints,  Worst Slack        0.259ns,  Total Violation        0.000ns
PW    :            0  Failing Endpoints,  Worst Slack        4.020ns,  Total Violation        0.000ns
---------------------------------------------------------------------------------------------------


Max Delay Paths
--------------------------------------------------------------------------------------
Slack (MET) :             3.596ns  (required time - arrival time)
  Source:                 u_packet_context/tag_mask_reg_reg[4]/C
                            (rising edge-triggered cell FDCE clocked by clk  {rise@0.000ns fall@5.000ns period=10.000ns})
  Destination:            u_packet_context/payload_out_reg[0][0]/CE
                            (rising edge-triggered cell FDCE clocked by clk  {rise@0.000ns fall@5.000ns period=10.000ns})
  Path Group:             clk
  Path Type:              Setup (Max at Slow Process Corner)
  Requirement:            10.000ns  (clk rise@10.000ns - clk rise@0.000ns)
  Data Path Delay:        6.118ns  (logic 3.147ns (51.438%)  route 2.971ns (48.562%))
  Logic Levels:           15  (CARRY4=11 LUT4=1 LUT6=3)
  Clock Path Skew:        -0.049ns (DCD - SCD + CPR)
    Destination Clock Delay (DCD):    0.924ns = ( 10.924 - 10.000 ) 
    Source Clock Delay      (SCD):    0.973ns
    Clock Pessimism Removal (CPR):    0.000ns
  Clock Uncertainty:      0.035ns  ((TSJ^2 + TIJ^2)^1/2 + DJ) / 2 + PE
    Total System Jitter     (TSJ):    0.071ns
    Total Input Jitter      (TIJ):    0.000ns
    Discrete Jitter          (DJ):    0.000ns
    Phase Error              (PE):    0.000ns

    Location             Delay type                Incr(ns)  Path(ns)    Netlist Resource(s)
  -------------------------------------------------------------------    -------------------
                         (clock clk rise edge)        0.000     0.000 r  
                                                      0.000     0.000 r  clk (IN)
                         net (fo=3789, unset)         0.973     0.973    u_packet_context/clk
                         FDCE                                         r  u_packet_context/tag_mask_reg_reg[4]/C
  -------------------------------------------------------------------    -------------------
                         FDCE (Prop_fdce_C_Q)         0.456     1.429 r  u_packet_context/tag_mask_reg_reg[4]/Q
                         net (fo=2, unplaced)         0.976     2.405    u_packet_context/u_ghash_engine_seq/tag_reg_reg[127][4]
                         LUT6 (Prop_lut6_I0_O)        0.295     2.700 r  u_packet_context/u_ghash_engine_seq/tag_match_i_98/O
                         net (fo=2, unplaced)         0.460     3.160    u_packet_context/u_ghash_engine_seq/tag_match_i_98_n_0
                         LUT4 (Prop_lut4_I0_O)        0.124     3.284 r  u_packet_context/u_ghash_engine_seq/auth_fail_i_54/O
                         net (fo=1, unplaced)         0.000     3.284    u_packet_context/u_ghash_engine_seq/auth_fail_i_54_n_0
                         CARRY4 (Prop_carry4_S[1]_CO[3])
                                                      0.533     3.817 r  u_packet_context/u_ghash_engine_seq/auth_fail_reg_i_47/CO[3]
                         net (fo=1, unplaced)         0.009     3.826    u_packet_context/u_ghash_engine_seq/auth_fail_reg_i_47_n_0
                         CARRY4 (Prop_carry4_CI_CO[3])
                                                      0.117     3.943 r  u_packet_context/u_ghash_engine_seq/auth_fail_reg_i_42/CO[3]
                         net (fo=1, unplaced)         0.000     3.943    u_packet_context/u_ghash_engine_seq/auth_fail_reg_i_42_n_0
                         CARRY4 (Prop_carry4_CI_CO[3])
                                                      0.117     4.060 r  u_packet_context/u_ghash_engine_seq/auth_fail_reg_i_37/CO[3]
                         net (fo=1, unplaced)         0.000     4.060    u_packet_context/u_ghash_engine_seq/auth_fail_reg_i_37_n_0
                         CARRY4 (Prop_carry4_CI_CO[3])
                                                      0.117     4.177 r  u_packet_context/u_ghash_engine_seq/auth_fail_reg_i_32/CO[3]
                         net (fo=1, unplaced)         0.000     4.177    u_packet_context/u_ghash_engine_seq/auth_fail_reg_i_32_n_0
                         CARRY4 (Prop_carry4_CI_CO[3])
                                                      0.117     4.294 r  u_packet_context/u_ghash_engine_seq/auth_fail_reg_i_27/CO[3]
                         net (fo=1, unplaced)         0.000     4.294    u_packet_context/u_ghash_engine_seq/auth_fail_reg_i_27_n_0
                         CARRY4 (Prop_carry4_CI_CO[3])
                                                      0.117     4.411 r  u_packet_context/u_ghash_engine_seq/auth_fail_reg_i_22/CO[3]
                         net (fo=1, unplaced)         0.000     4.411    u_packet_context/u_ghash_engine_seq/auth_fail_reg_i_22_n_0
                         CARRY4 (Prop_carry4_CI_CO[3])
                                                      0.117     4.528 r  u_packet_context/u_ghash_engine_seq/auth_fail_reg_i_17/CO[3]
                         net (fo=1, unplaced)         0.000     4.528    u_packet_context/u_ghash_engine_seq/auth_fail_reg_i_17_n_0
                         CARRY4 (Prop_carry4_CI_CO[3])
                                                      0.117     4.645 r  u_packet_context/u_ghash_engine_seq/auth_fail_reg_i_12/CO[3]
                         net (fo=1, unplaced)         0.000     4.645    u_packet_context/u_ghash_engine_seq/auth_fail_reg_i_12_n_0
                         CARRY4 (Prop_carry4_CI_CO[3])
                                                      0.117     4.762 r  u_packet_context/u_ghash_engine_seq/auth_fail_reg_i_7/CO[3]
                         net (fo=1, unplaced)         0.000     4.762    u_packet_context/u_ghash_engine_seq/auth_fail_reg_i_7_n_0
                         CARRY4 (Prop_carry4_CI_CO[3])
                                                      0.117     4.879 r  u_packet_context/u_ghash_engine_seq/auth_fail_reg_i_3/CO[3]
                         net (fo=1, unplaced)         0.000     4.879    u_packet_context/u_ghash_engine_seq/auth_fail_reg_i_3_n_0
                         CARRY4 (Prop_carry4_CI_CO[2])
                                                      0.252     5.131 r  u_packet_context/u_ghash_engine_seq/auth_fail_reg_i_2/CO[2]
                         net (fo=5, unplaced)         0.480     5.611    u_packet_context/u_ghash_engine_seq/auth_fail0
                         LUT6 (Prop_lut6_I4_O)        0.310     5.921 r  u_packet_context/u_ghash_engine_seq/payload_out[2][127]_i_4/O
                         net (fo=3, unplaced)         0.467     6.388    u_packet_context/u_ghash_engine_seq/payload_out[2][127]_i_4_n_0
                         LUT6 (Prop_lut6_I5_O)        0.124     6.512 r  u_packet_context/u_ghash_engine_seq/payload_out[0][127]_i_1/O
                         net (fo=128, unplaced)       0.579     7.091    u_packet_context/u_ghash_engine_seq_n_6
                         FDCE                                         r  u_packet_context/payload_out_reg[0][0]/CE
  -------------------------------------------------------------------    -------------------

                         (clock clk rise edge)       10.000    10.000 r  
                                                      0.000    10.000 r  clk (IN)
                         net (fo=3789, unset)         0.924    10.924    u_packet_context/clk
                         FDCE                                         r  u_packet_context/payload_out_reg[0][0]/C
                         clock pessimism              0.000    10.924    
                         clock uncertainty           -0.035    10.889    
                         FDCE (Setup_fdce_C_CE)      -0.202    10.687    u_packet_context/payload_out_reg[0][0]
  -------------------------------------------------------------------
                         required time                         10.687    
                         arrival time                          -7.091    
  -------------------------------------------------------------------
                         slack                                  3.596    





Min Delay Paths
--------------------------------------------------------------------------------------
Slack (MET) :             0.259ns  (arrival time - required time)
  Source:                 u_packet_context/req_count_reg[0]/C
                            (rising edge-triggered cell FDCE clocked by clk  {rise@0.000ns fall@5.000ns period=10.000ns})
  Destination:            meta_pipe_reg[18][0]_srl19_meta_pipe_reg_c_17/D
                            (rising edge-triggered cell SRLC32E clocked by clk  {rise@0.000ns fall@5.000ns period=10.000ns})
  Path Group:             clk
  Path Type:              Hold (Min at Fast Process Corner)
  Requirement:            0.000ns  (clk rise@0.000ns - clk rise@0.000ns)
  Data Path Delay:        0.345ns  (logic 0.141ns (40.868%)  route 0.204ns (59.132%))
  Logic Levels:           0  
  Clock Path Skew:        0.022ns (DCD - SCD - CPR)
    Destination Clock Delay (DCD):    0.432ns
    Source Clock Delay      (SCD):    0.410ns
    Clock Pessimism Removal (CPR):    -0.000ns

    Location             Delay type                Incr(ns)  Path(ns)    Netlist Resource(s)
  -------------------------------------------------------------------    -------------------
                         (clock clk rise edge)        0.000     0.000 r  
                                                      0.000     0.000 r  clk (IN)
                         net (fo=3789, unset)         0.410     0.410    u_packet_context/clk
                         FDCE                                         r  u_packet_context/req_count_reg[0]/C
  -------------------------------------------------------------------    -------------------
                         FDCE (Prop_fdce_C_Q)         0.141     0.551 r  u_packet_context/req_count_reg[0]/Q
                         net (fo=103, unplaced)       0.204     0.755    aes_req_type[0]
                         SRLC32E                                      r  meta_pipe_reg[18][0]_srl19_meta_pipe_reg_c_17/D
  -------------------------------------------------------------------    -------------------

                         (clock clk rise edge)        0.000     0.000 r  
                                                      0.000     0.000 r  clk (IN)
                         net (fo=3789, unset)         0.432     0.432    clk
                         SRLC32E                                      r  meta_pipe_reg[18][0]_srl19_meta_pipe_reg_c_17/CLK
                         clock pessimism              0.000     0.432    
                         SRLC32E (Hold_srlc32e_CLK_D)
                                                      0.064     0.496    meta_pipe_reg[18][0]_srl19_meta_pipe_reg_c_17
  -------------------------------------------------------------------
                         required time                         -0.496    
                         arrival time                           0.755    
  -------------------------------------------------------------------
                         slack                                  0.259    





Pulse Width Checks
--------------------------------------------------------------------------------------
Clock Name:         clk
Waveform(ns):       { 0.000 5.000 }
Period(ns):         10.000
Sources:            { clk }

Check Type        Corner  Lib Pin             Reference Pin  Required(ns)  Actual(ns)  Slack(ns)  Location  Pin
Min Period        n/a     RAMB18E1/CLKARDCLK  n/a            2.576         10.000      7.424                u_aes_pipeline/gen_round[0].gen_sbox[11].u_sbox/data_reg/CLKARDCLK
Low Pulse Width   Slow    SRLC32E/CLK         n/a            0.980         5.000       4.020                meta_pipe_reg[18][0]_srl19_meta_pipe_reg_c_17/CLK
High Pulse Width  Slow    SRLC32E/CLK         n/a            0.980         5.000       4.020                meta_pipe_reg[18][0]_srl19_meta_pipe_reg_c_17/CLK



